// Jest Snapshot v1, https://goo.gl/fbAQLP

exports[`CatCard matches the snapshot 1`] = `
<DocumentFragment>
  <div
    class="cat-card-container"
  >
    <a
      href="/breeds/1?width=500&height=500&image=https%3A%2F%2Fexample.com%2Fcat.jpg"
    >
      <img
        alt="Cat 1"
        class="image-fit"
        data-nimg="1"
        decoding="async"
        height="500"
        loading="lazy"
        src="/_next/image?url=https%3A%2F%2Fexample.com%2Fcat.jpg&w=1080&q=75"
        srcset="/_next/image?url=https%3A%2F%2Fexample.com%2Fcat.jpg&w=640&q=75 1x, /_next/image?url=https%3A%2F%2Fexample.com%2Fcat.jpg&w=1080&q=75 2x"
        style="color: transparent;"
        width="500"
      />
    </a>
    <div
      class="actions-container"
    >
      <button
        aria-label="Remove from favourites"
        class="MuiButtonBase-root MuiIconButton-root MuiIconButton-sizeMedium css-aixiz9-MuiButtonBase-root-MuiIconButton-root"
        tabindex="0"
        type="button"
      >
        <svg
          aria-hidden="true"
          class="MuiSvgIcon-root MuiSvgIcon-colorError MuiSvgIcon-fontSizeMedium css-n4bcw2-MuiSvgIcon-root"
          data-testid="FavoriteIcon"
          focusable="false"
          viewBox="0 0 24 24"
        >
          <path
            d="m12 21.35-1.45-1.32C5.4 15.36 2 12.28 2 8.5 2 5.42 4.42 3 7.5 3c1.74 0 3.41.81 4.5 2.09C13.09 3.81 14.76 3 16.5 3 19.58 3 22 5.42 22 8.5c0 3.78-3.4 6.86-8.55 11.54z"
          />
        </svg>
      </button>
      <button
        class="MuiButtonBase-root MuiIconButton-root MuiIconButton-sizeMedium css-aixiz9-MuiButtonBase-root-MuiIconButton-root"
        tabindex="0"
        type="button"
      >
        <svg
          aria-hidden="true"
          class="MuiSvgIcon-root MuiSvgIcon-fontSizeMedium css-1umw9bq-MuiSvgIcon-root"
          data-testid="ThumbUpIcon"
          focusable="false"
          viewBox="0 0 24 24"
        >
          <path
            d="M1 21h4V9H1zm22-11c0-1.1-.9-2-2-2h-6.31l.95-4.57.03-.32c0-.41-.17-.79-.44-1.06L14.17 1 7.59 7.59C7.22 7.95 7 8.45 7 9v10c0 1.1.9 2 2 2h9c.83 0 1.54-.5 1.84-1.22l3.02-7.05c.09-.23.14-.47.14-.73z"
          />
        </svg>
        <p
          class="MuiTypography-root MuiTypography-body2 css-1hpvxul-MuiTypography-root"
        >
          Vote Up
        </p>
      </button>
      <button
        class="MuiButtonBase-root MuiIconButton-root MuiIconButton-sizeMedium css-aixiz9-MuiButtonBase-root-MuiIconButton-root"
        tabindex="0"
        type="button"
      >
        <svg
          aria-hidden="true"
          class="MuiSvgIcon-root MuiSvgIcon-fontSizeMedium css-1umw9bq-MuiSvgIcon-root"
          data-testid="ThumbDownIcon"
          focusable="false"
          viewBox="0 0 24 24"
        >
          <path
            d="M15 3H6c-.83 0-1.54.5-1.84 1.22l-3.02 7.05c-.09.23-.14.47-.14.73v2c0 1.1.9 2 2 2h6.31l-.95 4.57-.03.32c0 .41.17.79.44 1.06L9.83 23l6.59-6.59c.36-.36.58-.86.58-1.41V5c0-1.1-.9-2-2-2m4 0v12h4V3z"
          />
        </svg>
        <p
          class="MuiTypography-root MuiTypography-body2 css-1hpvxul-MuiTypography-root"
        >
          Vote Down
        </p>
      </button>
    </div>
    <div
      class="votes-container"
    >
      <p
        class="MuiTypography-root MuiTypography-body2 css-7ctihp-MuiTypography-root"
      >
        Votes: 10
      </p>
    </div>
  </div>
</DocumentFragment>
`;
